ARM Linker, 4.1 [Build 481] [Evaluation]

==============================================================================

Section Cross References

    startup.o(STACK) refers (Special) to heapauxi.o(.text) for __use_two_region_memory
    startup.o(HEAP) refers (Special) to heapauxi.o(.text) for __use_two_region_memory
    startup.o(RESET) refers (Special) to heapauxi.o(.text) for __use_two_region_memory
    startup.o(RESET) refers to startup.o(STACK) for Stack_Top
    startup.o(RESET) refers to __main.o(!!!main) for __main
    startup.o(.text) refers (Special) to heapauxi.o(.text) for __use_two_region_memory
    startup.o(.text) refers to startup.o(HEAP) for Heap_Mem
    startup.o(.text) refers to startup.o(STACK) for Stack_Mem
    interrupt.o(.text) refers to admin.o(.text) for Admin_Change
    admin.o(.text) refers to lcd.o(.text) for CmdLCD
    admin.o(.text) refers to uart1.o(.text) for Receive_string_UART1
    admin.o(.text) refers to spi_protocol.o(.text) for Receive_string_from_EEPROM
    admin.o(.text) refers to strcmp.o(.text) for strcmp
    admin.o(.text) refers to delay.o(.text) for delay_ms
    admin.o(.text) refers to kpm.o(.text) for KeyScan
    admin.o(.text) refers to rtc_edit.o(.text) for PrintMenu
    admin.o(.text) refers to admin.o(.data) for digit
    admin.o(.text) refers to aeabi_sdiv.o(.text) for __aeabi_idivmod
    admin.o(.text) refers to uart.o(.text) for Transmit_string_UART0
    admin.o(.text) refers to test.o(.bss) for UART1_BUFFER
    admin.o(.text) refers to uart.o(.data) for UART0_Fired
    admin.o(.text) refers to rtc.o(.text) for DisplayRTCTime
    admin.o(.text) refers to rt_ctype_table.o(.text) for __rt_ctype_table
    admin.o(.text) refers to test.o(.data) for UART1_Fired
    lcd.o(.text) refers to delay.o(.text) for delay_us
    lcd.o(.text) refers to aeabi_sdiv.o(.text_udiv) for __aeabi_uidivmod
    lcd.o(.text) refers to f2d.o(x$fpl$f2d) for __aeabi_f2d
    lcd.o(.text) refers to dleqf.o(x$fpl$dleqf) for __aeabi_cdcmple
    lcd.o(.text) refers to ffixu.o(x$fpl$ffixu) for __aeabi_f2uiz
    lcd.o(.text) refers to fflt_noclz.o(x$fpl$ffltu) for __aeabi_ui2f
    lcd.o(.text) refers to faddsub_noclz.o(x$fpl$frsb) for __aeabi_frsub
    lcd.o(.text) refers to fmul.o(x$fpl$fmul) for __aeabi_fmul
    test.o(.text) refers to interrupt.o(.text) for Intilisation
    test.o(.text) refers to spi_protocol.o(.text) for InitializeSPI
    test.o(.text) refers to lcd.o(.text) for InitLCD
    test.o(.text) refers to rtc.o(.text) for RTC_Init
    test.o(.text) refers to uart.o(.text) for InitializeUART0
    test.o(.text) refers to uart1.o(.text) for InitializeUART1
    test.o(.text) refers to admin.o(.text) for check_admin
    test.o(.text) refers to delay.o(.text) for delay_ms
    test.o(.text) refers to test.o(.data) for sec
    test.o(.text) refers to test.o(.bss) for UART1_BUFFER
    rtc.o(.text) refers to aeabi_sdiv.o(.text_udiv) for __aeabi_uidivmod
    rtc.o(.text) refers to lcd.o(.text) for CharLCD
    rtc.o(.text) refers to rtc.o(.data) for week
    rtc_edit.o(.text) refers to lcd.o(.text) for CmdLCD
    rtc_edit.o(.text) refers to kpm.o(.text) for KeyScan
    rtc_edit.o(.text) refers to delay.o(.text) for delay_ms
    rtc_edit.o(.text) refers to aeabi_sdiv.o(.text) for __aeabi_idivmod
    rtc_edit.o(.text) refers to rtc_edit.o(.data) for week_day
    kpm.o(.text) refers to delay.o(.text) for delay_us
    kpm.o(.text) refers to kpm.o(.constdata) for .constdata
    uart1.o(.text) refers to test.o(.data) for UART1_RX_LEN
    uart1.o(.text) refers to test.o(.bss) for UART1_BUFFER
    spi_protocol.o(.text) refers to delay.o(.text) for delay_ms
    uart.o(.text) refers to uart.o(.data) for UART0_BYTE
    rt_ctype_table.o(.text) refers to rt_locale_intlibspace.o(.text) for __rt_locale
    rt_ctype_table.o(.text) refers to lc_ctype_c.o(locale$$code) for _get_lc_ctype
    aeabi_sdiv.o(.text_udiv) refers to aeabi_sdiv.o(.text) for __arm_div2
    aeabi_sdiv_div0.o(.text_udiv) refers to aeabi_sdiv_div0.o(.text) for __arm_div2
    __main.o(!!!main) refers to rtentry.o(.ARM.Collect$$rtentry$$00000000) for __rt_entry
    dleqf.o(x$fpl$dleqf) refers (Special) to usenofp.o(x$fpl$usenofp) for __I$use$fp
    dleqf.o(x$fpl$dleqf) refers to dnaninf.o(x$fpl$dnaninf) for __fpl_dnaninf
    dleqf.o(x$fpl$dleqf) refers to dcmpi.o(x$fpl$dcmpinf) for __fpl_dcmp_Inf
    f2d.o(x$fpl$f2d) refers (Special) to usenofp.o(x$fpl$usenofp) for __I$use$fp
    f2d.o(x$fpl$f2d) refers to fnaninf.o(x$fpl$fnaninf) for __fpl_fnaninf
    f2d.o(x$fpl$f2d) refers to dretinf.o(x$fpl$dretinf) for __fpl_dretinf
    faddsub_noclz.o(x$fpl$fadd) refers (Special) to usenofp.o(x$fpl$usenofp) for __I$use$fp
    faddsub_noclz.o(x$fpl$fadd) refers to faddsub_noclz.o(x$fpl$fsub) for _fsub1
    faddsub_noclz.o(x$fpl$fadd) refers to fretinf.o(x$fpl$fretinf) for __fpl_fretinf
    faddsub_noclz.o(x$fpl$fadd) refers to fnaninf.o(x$fpl$fnaninf) for __fpl_fnaninf
    faddsub_noclz.o(x$fpl$frsb) refers (Special) to usenofp.o(x$fpl$usenofp) for __I$use$fp
    faddsub_noclz.o(x$fpl$frsb) refers to faddsub_noclz.o(x$fpl$fadd) for _fadd1
    faddsub_noclz.o(x$fpl$frsb) refers to faddsub_noclz.o(x$fpl$fsub) for _fsub1
    faddsub_noclz.o(x$fpl$fsub) refers (Special) to usenofp.o(x$fpl$usenofp) for __I$use$fp
    faddsub_noclz.o(x$fpl$fsub) refers to faddsub_noclz.o(x$fpl$fadd) for _fadd1
    faddsub_noclz.o(x$fpl$fsub) refers to fnaninf.o(x$fpl$fnaninf) for __fpl_fnaninf
    ffixu.o(x$fpl$ffixu) refers (Special) to usenofp.o(x$fpl$usenofp) for __I$use$fp
    ffixu.o(x$fpl$ffixu) refers to fnaninf.o(x$fpl$fnaninf) for __fpl_fnaninf
    ffixu.o(x$fpl$ffixur) refers (Special) to usenofp.o(x$fpl$usenofp) for __I$use$fp
    ffixu.o(x$fpl$ffixur) refers to fnaninf.o(x$fpl$fnaninf) for __fpl_fnaninf
    fflt_noclz.o(x$fpl$ffltu) refers (Special) to usenofp.o(x$fpl$usenofp) for __I$use$fp
    fflt_noclz.o(x$fpl$ffltu) refers to fflt_noclz.o(x$fpl$fflt) for __fflt_normalise
    fflt_noclz.o(x$fpl$fflt) refers (Special) to usenofp.o(x$fpl$usenofp) for __I$use$fp
    fmul.o(x$fpl$fmul) refers (Special) to usenofp.o(x$fpl$usenofp) for __I$use$fp
    fmul.o(x$fpl$fmul) refers to fretinf.o(x$fpl$fretinf) for __fpl_fretinf
    fmul.o(x$fpl$fmul) refers to fnaninf.o(x$fpl$fnaninf) for __fpl_fnaninf
    rtentry.o(.ARM.Collect$$rtentry$$00000000) refers (Special) to rtentry2.o(.ARM.Collect$$rtentry$$0000000A) for __rt_entry_li
    rtentry.o(.ARM.Collect$$rtentry$$00000000) refers (Special) to rtentry2.o(.ARM.Collect$$rtentry$$0000000D) for __rt_entry_main
    rtentry.o(.ARM.Collect$$rtentry$$00000000) refers (Special) to rtentry2.o(.ARM.Collect$$rtentry$$0000000C) for __rt_entry_postli_1
    rtentry.o(.ARM.Collect$$rtentry$$00000000) refers (Special) to rtentry2.o(.ARM.Collect$$rtentry$$00000009) for __rt_entry_postsh_1
    rtentry.o(.ARM.Collect$$rtentry$$00000000) refers (Special) to rtentry2.o(.ARM.Collect$$rtentry$$00000002) for __rt_entry_presh_1
    rtentry.o(.ARM.Collect$$rtentry$$00000000) refers (Special) to rtentry4.o(.ARM.Collect$$rtentry$$00000004) for __rt_entry_sh
    rtentry.o(.ARM.exidx) refers (Special) to rtentry2.o(.ARM.Collect$$rtentry$$0000000A) for __rt_entry_li
    rtentry.o(.ARM.exidx) refers (Special) to rtentry2.o(.ARM.Collect$$rtentry$$0000000D) for __rt_entry_main
    rtentry.o(.ARM.exidx) refers (Special) to rtentry2.o(.ARM.Collect$$rtentry$$0000000C) for __rt_entry_postli_1
    rtentry.o(.ARM.exidx) refers (Special) to rtentry2.o(.ARM.Collect$$rtentry$$00000009) for __rt_entry_postsh_1
    rtentry.o(.ARM.exidx) refers (Special) to rtentry2.o(.ARM.Collect$$rtentry$$00000002) for __rt_entry_presh_1
    rtentry.o(.ARM.exidx) refers (Special) to rtentry4.o(.ARM.Collect$$rtentry$$00000004) for __rt_entry_sh
    rtentry.o(.ARM.exidx) refers to rtentry.o(.ARM.Collect$$rtentry$$00000000) for .ARM.Collect$$rtentry$$00000000
    aeabi_idiv0_sigfpe.o(.text) refers to rt_div0.o(.text) for __rt_div0
    rt_locale.o(.text) refers to rt_locale.o(.bss) for __rt_locale_data
    rt_locale_intlibspace.o(.text) refers to libspace.o(.bss) for __libspace_start
    lc_ctype_c.o(locale$$data) refers (Special) to libinit2.o(.ARM.Collect$$libinit$$0000000E) for __rt_lib_init_lc_ctype_2
    lc_ctype_c.o(locale$$code) refers (Special) to libinit2.o(.ARM.Collect$$libinit$$0000000E) for __rt_lib_init_lc_ctype_2
    lc_ctype_c.o(locale$$code) refers to strcmp.o(.text) for strcmp
    lc_ctype_c.o(locale$$code) refers to lc_ctype_c.o(locale$$data) for __lcctype_c_name
    dcmpi.o(x$fpl$dcmpinf) refers (Special) to usenofp.o(x$fpl$usenofp) for __I$use$fp
    dnaninf.o(x$fpl$dnaninf) refers (Special) to usenofp.o(x$fpl$usenofp) for __I$use$fp
    dretinf.o(x$fpl$dretinf) refers (Special) to usenofp.o(x$fpl$usenofp) for __I$use$fp
    fnaninf.o(x$fpl$fnaninf) refers (Special) to usenofp.o(x$fpl$usenofp) for __I$use$fp
    fretinf.o(x$fpl$fretinf) refers (Special) to usenofp.o(x$fpl$usenofp) for __I$use$fp
    libspace.o(.text) refers to libspace.o(.bss) for __libspace_start
    rtentry2.o(.ARM.Collect$$rtentry$$00000008) refers to boardinit2.o(.text) for _platform_post_stackheap_init
    rtentry2.o(.ARM.Collect$$rtentry$$0000000A) refers to libinit.o(.ARM.Collect$$libinit$$00000000) for __rt_lib_init
    rtentry2.o(.ARM.Collect$$rtentry$$0000000B) refers to boardinit3.o(.text) for _platform_post_lib_init
    rtentry2.o(.ARM.Collect$$rtentry$$0000000D) refers to exit.o(.text) for exit
    rtentry2.o(.ARM.Collect$$rtentry$$0000000D) refers to test.o(.text) for main
    rtentry2.o(.ARM.exidx) refers to rtentry2.o(.ARM.Collect$$rtentry$$00000001) for .ARM.Collect$$rtentry$$00000001
    rtentry2.o(.ARM.exidx) refers to rtentry2.o(.ARM.Collect$$rtentry$$00000002) for .ARM.Collect$$rtentry$$00000002
    rtentry2.o(.ARM.exidx) refers to rtentry2.o(.ARM.Collect$$rtentry$$00000008) for .ARM.Collect$$rtentry$$00000008
    rtentry2.o(.ARM.exidx) refers to rtentry2.o(.ARM.Collect$$rtentry$$00000009) for .ARM.Collect$$rtentry$$00000009
    rtentry2.o(.ARM.exidx) refers to rtentry2.o(.ARM.Collect$$rtentry$$0000000A) for .ARM.Collect$$rtentry$$0000000A
    rtentry2.o(.ARM.exidx) refers to rtentry2.o(.ARM.Collect$$rtentry$$0000000B) for .ARM.Collect$$rtentry$$0000000B
    rtentry2.o(.ARM.exidx) refers to rtentry2.o(.ARM.Collect$$rtentry$$0000000C) for .ARM.Collect$$rtentry$$0000000C
    rtentry2.o(.ARM.exidx) refers to rtentry2.o(.ARM.Collect$$rtentry$$0000000D) for .ARM.Collect$$rtentry$$0000000D
    rtentry4.o(.ARM.Collect$$rtentry$$00000004) refers to sys_stackheap_outer.o(.text) for __user_setup_stackheap
    rtentry4.o(.ARM.exidx) refers to rtentry4.o(.ARM.Collect$$rtentry$$00000004) for .ARM.Collect$$rtentry$$00000004
    rt_div0.o(.text) refers to defsig_fpe_outer.o(.text) for __rt_SIGFPE
    libinit2.o(.ARM.Collect$$libinit$$0000000B) refers (Weak) to rt_locale_intlibspace.o(.text) for __rt_locale
    libinit2.o(.ARM.Collect$$libinit$$0000000C) refers to libinit2.o(.ARM.Collect$$libinit$$0000000B) for .ARM.Collect$$libinit$$0000000B
    libinit2.o(.ARM.Collect$$libinit$$0000000E) refers to libinit2.o(.ARM.Collect$$libinit$$0000000B) for .ARM.Collect$$libinit$$0000000B
    libinit2.o(.ARM.Collect$$libinit$$0000000E) refers (Weak) to lc_ctype_c.o(locale$$code) for _get_lc_ctype
    libinit2.o(.ARM.Collect$$libinit$$00000010) refers to libinit2.o(.ARM.Collect$$libinit$$0000000B) for .ARM.Collect$$libinit$$0000000B
    libinit2.o(.ARM.Collect$$libinit$$00000012) refers to libinit2.o(.ARM.Collect$$libinit$$0000000B) for .ARM.Collect$$libinit$$0000000B
    libinit2.o(.ARM.Collect$$libinit$$00000014) refers to libinit2.o(.ARM.Collect$$libinit$$0000000B) for .ARM.Collect$$libinit$$0000000B
    libinit2.o(.ARM.Collect$$libinit$$00000022) refers to argv_veneer.o(.emb_text) for __ARM_argv_veneer
    libinit2.o(.ARM.Collect$$libinit$$00000023) refers to argv_veneer.o(.emb_text) for __ARM_argv_veneer
    sys_stackheap_outer.o(.text) refers to libspace.o(.text) for __user_perproc_libspace
    sys_stackheap_outer.o(.text) refers to startup.o(.text) for __user_initial_stackheap
    exit.o(.text) refers to rtexit.o(.ARM.Collect$$rtexit$$00000000) for __rt_exit
    defsig_fpe_outer.o(.text) refers to defsig_fpe_inner.o(.text) for __rt_SIGFPE_inner
    defsig_fpe_outer.o(.text) refers to defsig_exit.o(.text) for __sig_exit
    defsig_fpe_formal.o(.text) refers to rt_raise.o(.text) for __rt_raise
    argv_veneer.o(.emb_text) refers to no_argv.o(.text) for __ARM_get_argv
    libinit.o(.ARM.Collect$$libinit$$00000000) refers (Special) to libinit2.o(.ARM.Collect$$libinit$$0000002A) for __rt_lib_init_alloca_1
    libinit.o(.ARM.Collect$$libinit$$00000000) refers (Special) to libinit2.o(.ARM.Collect$$libinit$$00000028) for __rt_lib_init_argv_1
    libinit.o(.ARM.Collect$$libinit$$00000000) refers (Special) to libinit2.o(.ARM.Collect$$libinit$$00000017) for __rt_lib_init_atexit_1
    libinit.o(.ARM.Collect$$libinit$$00000000) refers (Special) to libinit2.o(.ARM.Collect$$libinit$$0000001D) for __rt_lib_init_clock_1
    libinit.o(.ARM.Collect$$libinit$$00000000) refers (Special) to libinit2.o(.ARM.Collect$$libinit$$0000002E) for __rt_lib_init_cpp_1
    libinit.o(.ARM.Collect$$libinit$$00000000) refers (Special) to libinit2.o(.ARM.Collect$$libinit$$0000002C) for __rt_lib_init_exceptions_1
    libinit.o(.ARM.Collect$$libinit$$00000000) refers (Special) to libinit2.o(.ARM.Collect$$libinit$$0000001B) for __rt_lib_init_fp_trap_1
    libinit.o(.ARM.Collect$$libinit$$00000000) refers (Special) to libinit2.o(.ARM.Collect$$libinit$$0000001F) for __rt_lib_init_getenv_1
    libinit.o(.ARM.Collect$$libinit$$00000000) refers (Special) to libinit2.o(.ARM.Collect$$libinit$$00000006) for __rt_lib_init_heap_1
    libinit.o(.ARM.Collect$$libinit$$00000000) refers (Special) to libinit2.o(.ARM.Collect$$libinit$$0000000D) for __rt_lib_init_lc_collate_1
    libinit.o(.ARM.Collect$$libinit$$00000000) refers (Special) to libinit2.o(.ARM.Collect$$libinit$$0000000F) for __rt_lib_init_lc_ctype_1
    libinit.o(.ARM.Collect$$libinit$$00000000) refers (Special) to libinit2.o(.ARM.Collect$$libinit$$00000011) for __rt_lib_init_lc_monetary_1
    libinit.o(.ARM.Collect$$libinit$$00000000) refers (Special) to libinit2.o(.ARM.Collect$$libinit$$00000013) for __rt_lib_init_lc_numeric_1
    libinit.o(.ARM.Collect$$libinit$$00000000) refers (Special) to libinit2.o(.ARM.Collect$$libinit$$00000015) for __rt_lib_init_lc_time_1
    libinit.o(.ARM.Collect$$libinit$$00000000) refers (Special) to libinit2.o(.ARM.Collect$$libinit$$0000000A) for __rt_lib_init_rand_1
    libinit.o(.ARM.Collect$$libinit$$00000000) refers (Special) to libinit2.o(.ARM.Collect$$libinit$$0000002F) for __rt_lib_init_return
    libinit.o(.ARM.Collect$$libinit$$00000000) refers (Special) to libinit2.o(.ARM.Collect$$libinit$$00000019) for __rt_lib_init_signal_1
    libinit.o(.ARM.Collect$$libinit$$00000000) refers (Special) to libinit2.o(.ARM.Collect$$libinit$$00000021) for __rt_lib_init_stdio_1
    libinit.o(.ARM.Collect$$libinit$$00000000) refers (Special) to libinit2.o(.ARM.Collect$$libinit$$00000008) for __rt_lib_init_user_alloc_1
    libinit.o(.ARM.Collect$$libinit$$00000000) refers to fpinit.o(x$fpl$fpinit) for _fp_init
    rtexit.o(.ARM.Collect$$rtexit$$00000000) refers (Special) to rtexit2.o(.ARM.Collect$$rtexit$$00000004) for __rt_exit_exit
    rtexit.o(.ARM.Collect$$rtexit$$00000000) refers (Special) to rtexit2.o(.ARM.Collect$$rtexit$$00000003) for __rt_exit_ls
    rtexit.o(.ARM.Collect$$rtexit$$00000000) refers (Special) to rtexit2.o(.ARM.Collect$$rtexit$$00000002) for __rt_exit_prels_1
    rtexit.o(.ARM.exidx) refers (Special) to rtexit2.o(.ARM.Collect$$rtexit$$00000004) for __rt_exit_exit
    rtexit.o(.ARM.exidx) refers (Special) to rtexit2.o(.ARM.Collect$$rtexit$$00000003) for __rt_exit_ls
    rtexit.o(.ARM.exidx) refers (Special) to rtexit2.o(.ARM.Collect$$rtexit$$00000002) for __rt_exit_prels_1
    rtexit.o(.ARM.exidx) refers to rtexit.o(.ARM.Collect$$rtexit$$00000000) for .ARM.Collect$$rtexit$$00000000
    rt_raise.o(.text) refers to __raise.o(.text) for __raise
    rt_raise.o(.text) refers to sys_exit.o(.text) for _sys_exit
    defsig_exit.o(.text) refers to sys_exit.o(.text) for _sys_exit
    defsig_fpe_inner.o(.text) refers to defsig_general.o(.text) for __default_signal_display
    _get_argv_nomalloc.o(.text) refers (Special) to hrguard.o(.text) for __heap_region$guard
    _get_argv_nomalloc.o(.text) refers to defsig_rtmem_outer.o(.text) for __rt_SIGRTMEM
    _get_argv_nomalloc.o(.text) refers to sys_command.o(.text) for _sys_command_string
    fpinit.o(x$fpl$fpinit) refers to rt_fp_status_addr_intlibspace.o(.text) for __rt_fp_status_addr
    sys_command.o(.text) refers (Special) to use_no_semi.o(.text) for __I$use$semihosting
    sys_exit.o(.text) refers (Special) to use_no_semi.o(.text) for __I$use$semihosting
    rtexit2.o(.ARM.Collect$$rtexit$$00000003) refers to libshutdown.o(.ARM.Collect$$libshutdown$$00000000) for __rt_lib_shutdown
    rtexit2.o(.ARM.Collect$$rtexit$$00000004) refers to sys_exit.o(.text) for _sys_exit
    rtexit2.o(.ARM.exidx) refers to rtexit2.o(.ARM.Collect$$rtexit$$00000001) for .ARM.Collect$$rtexit$$00000001
    rtexit2.o(.ARM.exidx) refers to rtexit2.o(.ARM.Collect$$rtexit$$00000002) for .ARM.Collect$$rtexit$$00000002
    rtexit2.o(.ARM.exidx) refers to rtexit2.o(.ARM.Collect$$rtexit$$00000003) for .ARM.Collect$$rtexit$$00000003
    rtexit2.o(.ARM.exidx) refers to rtexit2.o(.ARM.Collect$$rtexit$$00000004) for .ARM.Collect$$rtexit$$00000004
    rt_fp_status_addr.o(.text) refers to rt_fp_status_addr.o(.bss) for __rt_fp_status_addr_data
    rt_fp_status_addr_intlibspace.o(.text) refers to libspace.o(.bss) for __libspace_start
    __raise.o(.text) refers to __raise.o(i.__ARM_common_call_via_r2) for __ARM_common_call_via_r2
    __raise.o(.text) refers to defsig.o(CL$$defsig) for __default_signal_handler
    defsig_general.o(.text) refers to sys_wrch.o(.text) for _ttywrch
    defsig_rtmem_outer.o(.text) refers to defsig_rtmem_inner.o(.text) for __rt_SIGRTMEM_inner
    defsig_rtmem_outer.o(.text) refers to defsig_exit.o(.text) for __sig_exit
    defsig_rtmem_formal.o(.text) refers to rt_raise.o(.text) for __rt_raise
    sys_wrch.o(.text) refers (Special) to use_no_semi.o(.text) for __I$use$semihosting
    defsig_rtmem_inner.o(.text) refers to defsig_general.o(.text) for __default_signal_display
    defsig.o(CL$$defsig) refers to defsig_fpe_inner.o(.text) for __rt_SIGFPE_inner
    defsig.o(CL$$defsig) refers to defsig_rtmem_inner.o(.text) for __rt_SIGRTMEM_inner
    libshutdown.o(.ARM.Collect$$libshutdown$$00000000) refers (Special) to libshutdown2.o(.ARM.Collect$$libshutdown$$00000006) for __rt_lib_shutdown_fp_trap_1
    libshutdown.o(.ARM.Collect$$libshutdown$$00000000) refers (Special) to libshutdown2.o(.ARM.Collect$$libshutdown$$0000000E) for __rt_lib_shutdown_heap_1
    libshutdown.o(.ARM.Collect$$libshutdown$$00000000) refers (Special) to libshutdown2.o(.ARM.Collect$$libshutdown$$0000000F) for __rt_lib_shutdown_return
    libshutdown.o(.ARM.Collect$$libshutdown$$00000000) refers (Special) to libshutdown2.o(.ARM.Collect$$libshutdown$$00000009) for __rt_lib_shutdown_signal_1
    libshutdown.o(.ARM.Collect$$libshutdown$$00000000) refers (Special) to libshutdown2.o(.ARM.Collect$$libshutdown$$00000003) for __rt_lib_shutdown_stdio_1
    libshutdown.o(.ARM.Collect$$libshutdown$$00000000) refers (Special) to libshutdown2.o(.ARM.Collect$$libshutdown$$0000000B) for __rt_lib_shutdown_user_alloc_1
    defsig_abrt_inner.o(.text) refers to defsig_general.o(.text) for __default_signal_display
    defsig_rtred_inner.o(.text) refers to defsig_general.o(.text) for __default_signal_display
    defsig_stak_inner.o(.text) refers to defsig_general.o(.text) for __default_signal_display
    defsig_pvfn_inner.o(.text) refers to defsig_general.o(.text) for __default_signal_display
    defsig_cppl_inner.o(.text) refers to defsig_general.o(.text) for __default_signal_display
    defsig_segv_inner.o(.text) refers to defsig_general.o(.text) for __default_signal_display
    defsig_other.o(.text) refers to defsig_general.o(.text) for __default_signal_display


==============================================================================

Removing Unused input sections from the image.

    Removing admin.o(.bss), (25 bytes).

1 unused section(s) (total 25 bytes) removed from the image.

==============================================================================

Adding Veneers to the image

    Adding AT veneer (8 bytes, Inline) for call to '__rt_lib_init' from rtentry2.o(.ARM.Collect$$rtentry$$0000000A).
    Adding AT veneer (8 bytes, Inline) for call to '__rt_lib_shutdown' from rtexit2.o(.ARM.Collect$$rtexit$$00000003).
    Adding TA veneer (4 bytes, Inline) for call to '__rt_exit' from exit.o(.text).
    Adding TA veneer (4 bytes, Inline) for call to '__rt_locale' from libinit2.o(.ARM.Collect$$libinit$$0000000B).
    Adding AT veneer (8 bytes, Inline) for call to '_sys_exit' from rtexit2.o(.ARM.Collect$$rtexit$$00000004).
    Adding TA veneer (4 bytes, Inline) for call to '_get_lc_ctype' from libinit2.o(.ARM.Collect$$libinit$$0000000E).
    Adding TA veneer (4 bytes, Inline) for call to '_fp_init' from libinit.o(.ARM.Collect$$libinit$$00000000).

7 Veneer(s) (total 40 bytes) added to the image.

==============================================================================

Image Symbol Table

    Local Symbols

    Symbol Name                              Value     Ov Type        Size  Object(Section)

    RESET                                    0x00000000   Section      272  startup.o(RESET)
    ../../angel/boardlib.s                   0x00000000   Number         0  boardinit3.o ABSOLUTE
    ../../angel/boardlib.s                   0x00000000   Number         0  boardinit1.o ABSOLUTE
    ../../angel/boardlib.s                   0x00000000   Number         0  boardinit2.o ABSOLUTE
    ../../angel/boardlib.s                   0x00000000   Number         0  boardshut.o ABSOLUTE
    ../../angel/handlers.s                   0x00000000   Number         0  __scatter_zi.o ABSOLUTE
    ../../angel/handlers.s                   0x00000000   Number         0  __scatter_copy.o ABSOLUTE
    ../../angel/kernel.s                     0x00000000   Number         0  rtentry.o ABSOLUTE
    ../../angel/kernel.s                     0x00000000   Number         0  rtentry2.o ABSOLUTE
    ../../angel/kernel.s                     0x00000000   Number         0  rtentry4.o ABSOLUTE
    ../../angel/kernel.s                     0x00000000   Number         0  rtexit2.o ABSOLUTE
    ../../angel/kernel.s                     0x00000000   Number         0  rtexit.o ABSOLUTE
    ../../angel/rt.s                         0x00000000   Number         0  rt_fp_status_addr.o ABSOLUTE
    ../../angel/rt.s                         0x00000000   Number         0  rt_ctype_table.o ABSOLUTE
    ../../angel/rt.s                         0x00000000   Number         0  rt_locale_intlibspace.o ABSOLUTE
    ../../angel/rt.s                         0x00000000   Number         0  rt_locale.o ABSOLUTE
    ../../angel/rt.s                         0x00000000   Number         0  rt_raise.o ABSOLUTE
    ../../angel/rt.s                         0x00000000   Number         0  aeabi_idiv0_sigfpe.o ABSOLUTE
    ../../angel/rt.s                         0x00000000   Number         0  aeabi_idiv0.o ABSOLUTE
    ../../angel/rt.s                         0x00000000   Number         0  rt_div0.o ABSOLUTE
    ../../angel/rt.s                         0x00000000   Number         0  rt_fp_status_addr_intlibspace.o ABSOLUTE
    ../../angel/scatter.s                    0x00000000   Number         0  __scatter.o ABSOLUTE
    ../../angel/startup.s                    0x00000000   Number         0  __main.o ABSOLUTE
    ../../angel/sys.s                        0x00000000   Number         0  sys_stackheap_outer.o ABSOLUTE
    ../../angel/sys.s                        0x00000000   Number         0  libspace.o ABSOLUTE
    ../../angel/sys.s                        0x00000000   Number         0  use_no_semi.o ABSOLUTE
    ../../angel/sysapp.c                     0x00000000   Number         0  sys_command.o ABSOLUTE
    ../../angel/sysapp.c                     0x00000000   Number         0  sys_exit.o ABSOLUTE
    ../../angel/sysapp.c                     0x00000000   Number         0  sys_wrch.o ABSOLUTE
    ../../armsys.c                           0x00000000   Number         0  no_argv.o ABSOLUTE
    ../../armsys.c                           0x00000000   Number         0  _get_argv_nomalloc.o ABSOLUTE
    ../../armsys.c                           0x00000000   Number         0  argv_veneer.o ABSOLUTE
    ../../armsys.c                           0x00000000   Number         0  argv_veneer.o ABSOLUTE
    ../../dcmpi.s                            0x00000000   Number         0  dcmpi.o ABSOLUTE
    ../../division.s                         0x00000000   Number         0  aeabi_sdiv.o ABSOLUTE
    ../../division.s                         0x00000000   Number         0  aeabi_sdiv_div0.o ABSOLUTE
    ../../divrt.s                            0x00000000   Number         0  divrt_7tdmi.o ABSOLUTE
    ../../divrt.s                            0x00000000   Number         0  divrt_7tdmi_div0.o ABSOLUTE
    ../../dleqf.s                            0x00000000   Number         0  dleqf.o ABSOLUTE
    ../../dnaninf.s                          0x00000000   Number         0  dnaninf.o ABSOLUTE
    ../../dretinf.s                          0x00000000   Number         0  dretinf.o ABSOLUTE
    ../../f2d.s                              0x00000000   Number         0  f2d.o ABSOLUTE
    ../../faddsub.s                          0x00000000   Number         0  faddsub_noclz.o ABSOLUTE
    ../../ffixu.s                            0x00000000   Number         0  ffixu.o ABSOLUTE
    ../../fflt.s                             0x00000000   Number         0  fflt_noclz.o ABSOLUTE
    ../../fmul.s                             0x00000000   Number         0  fmul.o ABSOLUTE
    ../../fnaninf.s                          0x00000000   Number         0  fnaninf.o ABSOLUTE
    ../../fpinit.s                           0x00000000   Number         0  fpinit.o ABSOLUTE
    ../../fretinf.s                          0x00000000   Number         0  fretinf.o ABSOLUTE
    ../../heapalloc.c                        0x00000000   Number         0  hrguard.o ABSOLUTE
    ../../heapaux.c                          0x00000000   Number         0  heapauxi.o ABSOLUTE
    ../../libinit.s                          0x00000000   Number         0  libinit2.o ABSOLUTE
    ../../libinit.s                          0x00000000   Number         0  libshutdown.o ABSOLUTE
    ../../libinit.s                          0x00000000   Number         0  libinit.o ABSOLUTE
    ../../libinit.s                          0x00000000   Number         0  libshutdown2.o ABSOLUTE
    ../../locale.s                           0x00000000   Number         0  lc_ctype_c.o ABSOLUTE
    ../../memcpset.s                         0x00000000   Number         0  strcmp.o ABSOLUTE
    ../../signal.c                           0x00000000   Number         0  defsig_fpe_formal.o ABSOLUTE
    ../../signal.c                           0x00000000   Number         0  defsig_fpe_outer.o ABSOLUTE
    ../../signal.c                           0x00000000   Number         0  defsig_rtred_inner.o ABSOLUTE
    ../../signal.c                           0x00000000   Number         0  defsig_abrt_inner.o ABSOLUTE
    ../../signal.c                           0x00000000   Number         0  defsig_rtmem_inner.o ABSOLUTE
    ../../signal.c                           0x00000000   Number         0  defsig_rtmem_formal.o ABSOLUTE
    ../../signal.c                           0x00000000   Number         0  defsig_segv_inner.o ABSOLUTE
    ../../signal.c                           0x00000000   Number         0  defsig_rtmem_outer.o ABSOLUTE
    ../../signal.c                           0x00000000   Number         0  defsig_general.o ABSOLUTE
    ../../signal.c                           0x00000000   Number         0  __raise.o ABSOLUTE
    ../../signal.c                           0x00000000   Number         0  defsig_fpe_inner.o ABSOLUTE
    ../../signal.c                           0x00000000   Number         0  defsig_exit.o ABSOLUTE
    ../../signal.c                           0x00000000   Number         0  defsig_other.o ABSOLUTE
    ../../signal.c                           0x00000000   Number         0  defsig_cppl_inner.o ABSOLUTE
    ../../signal.c                           0x00000000   Number         0  defsig_pvfn_inner.o ABSOLUTE
    ../../signal.c                           0x00000000   Number         0  defsig_stak_inner.o ABSOLUTE
    ../../signal.s                           0x00000000   Number         0  defsig.o ABSOLUTE
    ../../stdlib.c                           0x00000000   Number         0  exit.o ABSOLUTE
    ../../usenofp.s                          0x00000000   Number         0  usenofp.o ABSOLUTE
    SPI_Protocol.c                           0x00000000   Number         0  spi_protocol.o ABSOLUTE
    Startup.s                                0x00000000   Number         0  startup.o ABSOLUTE
    admin.c                                  0x00000000   Number         0  admin.o ABSOLUTE
    dc.s                                     0x00000000   Number         0  dc.o ABSOLUTE
    delay.c                                  0x00000000   Number         0  delay.o ABSOLUTE
    interrupt.c                              0x00000000   Number         0  interrupt.o ABSOLUTE
    kpm.c                                    0x00000000   Number         0  kpm.o ABSOLUTE
    lcd.c                                    0x00000000   Number         0  lcd.o ABSOLUTE
    rtc.c                                    0x00000000   Number         0  rtc.o ABSOLUTE
    rtc_edit.c                               0x00000000   Number         0  rtc_edit.o ABSOLUTE
    test.c                                   0x00000000   Number         0  test.o ABSOLUTE
    uart.c                                   0x00000000   Number         0  uart.o ABSOLUTE
    uart1.c                                  0x00000000   Number         0  uart1.o ABSOLUTE
    Undef_Handler                            0x00000040   ARM Code       4  startup.o(RESET)
    SWI_Handler                              0x00000044   ARM Code       4  startup.o(RESET)
    PAbt_Handler                             0x00000048   ARM Code       4  startup.o(RESET)
    DAbt_Handler                             0x0000004c   ARM Code       4  startup.o(RESET)
    IRQ_Handler                              0x00000050   ARM Code       4  startup.o(RESET)
    FIQ_Handler                              0x00000054   ARM Code       4  startup.o(RESET)
    !!!main                                  0x00000110   Section        8  __main.o(!!!main)
    !!!scatter                               0x00000118   Section       60  __scatter.o(!!!scatter)
    !!handler_copy                           0x00000154   Section       40  __scatter_copy.o(!!handler_copy)
    !!handler_zi                             0x0000017c   Section       44  __scatter_zi.o(!!handler_zi)
    .ARM.Collect$$libinit$$00000000          0x000001b0   Section        6  libinit.o(.ARM.Collect$$libinit$$00000000)
    .ARM.Collect$$libinit$$00000006          0x000001b6   Section        0  libinit2.o(.ARM.Collect$$libinit$$00000006)
    .ARM.Collect$$libinit$$00000008          0x000001b6   Section        0  libinit2.o(.ARM.Collect$$libinit$$00000008)
    .ARM.Collect$$libinit$$0000000A          0x000001b6   Section        0  libinit2.o(.ARM.Collect$$libinit$$0000000A)
    .ARM.Collect$$libinit$$0000000B          0x000001b6   Section        6  libinit2.o(.ARM.Collect$$libinit$$0000000B)
    .ARM.Collect$$libinit$$0000000D          0x000001bc   Section        0  libinit2.o(.ARM.Collect$$libinit$$0000000D)
    .ARM.Collect$$libinit$$0000000E          0x000001bc   Section       12  libinit2.o(.ARM.Collect$$libinit$$0000000E)
    .ARM.Collect$$libinit$$0000000F          0x000001c8   Section        0  libinit2.o(.ARM.Collect$$libinit$$0000000F)
    .ARM.Collect$$libinit$$00000011          0x000001c8   Section        0  libinit2.o(.ARM.Collect$$libinit$$00000011)
    .ARM.Collect$$libinit$$00000013          0x000001c8   Section        0  libinit2.o(.ARM.Collect$$libinit$$00000013)
    .ARM.Collect$$libinit$$00000015          0x000001c8   Section        0  libinit2.o(.ARM.Collect$$libinit$$00000015)
    .ARM.Collect$$libinit$$00000017          0x000001c8   Section        0  libinit2.o(.ARM.Collect$$libinit$$00000017)
    .ARM.Collect$$libinit$$00000019          0x000001c8   Section        0  libinit2.o(.ARM.Collect$$libinit$$00000019)
    .ARM.Collect$$libinit$$0000001B          0x000001c8   Section        0  libinit2.o(.ARM.Collect$$libinit$$0000001B)
    .ARM.Collect$$libinit$$0000001D          0x000001c8   Section        0  libinit2.o(.ARM.Collect$$libinit$$0000001D)
    .ARM.Collect$$libinit$$0000001F          0x000001c8   Section        0  libinit2.o(.ARM.Collect$$libinit$$0000001F)
    .ARM.Collect$$libinit$$00000021          0x000001c8   Section        0  libinit2.o(.ARM.Collect$$libinit$$00000021)
    .ARM.Collect$$libinit$$00000028          0x000001c8   Section        0  libinit2.o(.ARM.Collect$$libinit$$00000028)
    .ARM.Collect$$libinit$$0000002A          0x000001c8   Section        0  libinit2.o(.ARM.Collect$$libinit$$0000002A)
    .ARM.Collect$$libinit$$0000002C          0x000001c8   Section        0  libinit2.o(.ARM.Collect$$libinit$$0000002C)
    .ARM.Collect$$libinit$$0000002E          0x000001c8   Section        0  libinit2.o(.ARM.Collect$$libinit$$0000002E)
    .ARM.Collect$$libinit$$0000002F          0x000001c8   Section       12  libinit2.o(.ARM.Collect$$libinit$$0000002F)
    .ARM.Collect$$libshutdown$$00000000      0x000001dc   Section        4  libshutdown.o(.ARM.Collect$$libshutdown$$00000000)
    .ARM.Collect$$libshutdown$$00000003      0x000001e0   Section        0  libshutdown2.o(.ARM.Collect$$libshutdown$$00000003)
    .ARM.Collect$$libshutdown$$00000006      0x000001e0   Section        0  libshutdown2.o(.ARM.Collect$$libshutdown$$00000006)
    .ARM.Collect$$libshutdown$$00000009      0x000001e0   Section        0  libshutdown2.o(.ARM.Collect$$libshutdown$$00000009)
    .ARM.Collect$$libshutdown$$0000000B      0x000001e0   Section        0  libshutdown2.o(.ARM.Collect$$libshutdown$$0000000B)
    .ARM.Collect$$libshutdown$$0000000E      0x000001e0   Section        0  libshutdown2.o(.ARM.Collect$$libshutdown$$0000000E)
    .ARM.Collect$$libshutdown$$0000000F      0x000001e0   Section        6  libshutdown2.o(.ARM.Collect$$libshutdown$$0000000F)
    .ARM.Collect$$rtentry$$00000000          0x000001e8   Section        0  rtentry.o(.ARM.Collect$$rtentry$$00000000)
    .ARM.Collect$$rtentry$$00000002          0x000001e8   Section        0  rtentry2.o(.ARM.Collect$$rtentry$$00000002)
    .ARM.Collect$$rtentry$$00000004          0x000001e8   Section        8  rtentry4.o(.ARM.Collect$$rtentry$$00000004)
    .ARM.Collect$$rtentry$$00000009          0x000001f0   Section        0  rtentry2.o(.ARM.Collect$$rtentry$$00000009)
    .ARM.Collect$$rtentry$$0000000A          0x000001f0   Section        4  rtentry2.o(.ARM.Collect$$rtentry$$0000000A)
    .ARM.Collect$$rtentry$$0000000C          0x000001f4   Section        0  rtentry2.o(.ARM.Collect$$rtentry$$0000000C)
    .ARM.Collect$$rtentry$$0000000D          0x000001f4   Section       40  rtentry2.o(.ARM.Collect$$rtentry$$0000000D)
    .ARM.Collect$$rtexit$$00000000           0x00000220   Section        4  rtexit.o(.ARM.Collect$$rtexit$$00000000)
    .ARM.Collect$$rtexit$$00000002           0x00000224   Section        0  rtexit2.o(.ARM.Collect$$rtexit$$00000002)
    .ARM.Collect$$rtexit$$00000003           0x00000224   Section        4  rtexit2.o(.ARM.Collect$$rtexit$$00000003)
    .ARM.Collect$$rtexit$$00000004           0x00000228   Section        8  rtexit2.o(.ARM.Collect$$rtexit$$00000004)
    .text                                    0x00000230   Section       32  startup.o(.text)
    .text                                    0x00000250   Section        0  interrupt.o(.text)
    .text                                    0x000002b8   Section        0  admin.o(.text)
    .text                                    0x00001260   Section        0  lcd.o(.text)
    .text                                    0x0000155c   Section        0  delay.o(.text)
    .text                                    0x000015b8   Section        0  test.o(.text)
    .text                                    0x0000170c   Section        0  rtc.o(.text)
    .text                                    0x00001970   Section        0  rtc_edit.o(.text)
    .text                                    0x00002efc   Section        0  kpm.o(.text)
    .text                                    0x00003018   Section        0  uart1.o(.text)
    .text                                    0x000032a4   Section        0  spi_protocol.o(.text)
    .text                                    0x0000358c   Section        0  uart.o(.text)
    .text                                    0x000037dc   Section       24  rt_ctype_table.o(.text)
    .text                                    0x000037f4   Section      160  strcmp.o(.text)
    .text                                    0x00003894   Section      384  aeabi_sdiv.o(.text)
    __arm_div8                               0x000038c0   ARM Code       0  aeabi_sdiv.o(.text)
    __arm_div5                               0x000038e4   ARM Code       0  aeabi_sdiv.o(.text)
    __arm_div2                               0x00003908   ARM Code       0  aeabi_sdiv.o(.text)
    __arm_div_large                          0x00003944   ARM Code       0  aeabi_sdiv.o(.text)
    .text                                    0x00003a14   Section        0  heapauxi.o(.text)
    .text                                    0x00003a20   Section       16  rt_locale_intlibspace.o(.text)
    .text                                    0x00003a30   Section       12  libspace.o(.text)
    .text                                    0x00003a3c   Section       96  sys_stackheap_outer.o(.text)
    .text                                    0x00003a9c   Section        0  exit.o(.text)
    .text                                    0x00003ab0   Section        0  sys_exit.o(.text)
    .text                                    0x00003abc   Section       16  rt_fp_status_addr_intlibspace.o(.text)
    .text                                    0x00003acc   Section        4  use_no_semi.o(.text)
    .text_udiv                               0x00003ad0   Section       36  aeabi_sdiv.o(.text_udiv)
    locale$$code                             0x00003af8   Section       80  lc_ctype_c.o(locale$$code)
    x$fpl$dcmpinf                            0x00003b48   Section       28  dcmpi.o(x$fpl$dcmpinf)
    x$fpl$dleqf                              0x00003b64   Section      148  dleqf.o(x$fpl$dleqf)
    x$fpl$dnaninf                            0x00003bf8   Section      192  dnaninf.o(x$fpl$dnaninf)
    x$fpl$dretinf                            0x00003cb8   Section       16  dretinf.o(x$fpl$dretinf)
    x$fpl$f2d                                0x00003cc8   Section      100  f2d.o(x$fpl$f2d)
    x$fpl$fadd                               0x00003d2c   Section      196  faddsub_noclz.o(x$fpl$fadd)
    _fadd1                                   0x00003d38   ARM Code       0  faddsub_noclz.o(x$fpl$fadd)
    x$fpl$ffixu                              0x00003df0   Section       84  ffixu.o(x$fpl$ffixu)
    x$fpl$fflt                               0x00003e44   Section       92  fflt_noclz.o(x$fpl$fflt)
    x$fpl$ffltu                              0x00003ea0   Section        8  fflt_noclz.o(x$fpl$ffltu)
    x$fpl$fmul                               0x00003ea8   Section      256  fmul.o(x$fpl$fmul)
    x$fpl$fnaninf                            0x00003fa8   Section      168  fnaninf.o(x$fpl$fnaninf)
    x$fpl$fpinit                             0x00004054   Section       24  fpinit.o(x$fpl$fpinit)
    x$fpl$fretinf                            0x0000406c   Section       16  fretinf.o(x$fpl$fretinf)
    x$fpl$frsb                               0x0000407c   Section       20  faddsub_noclz.o(x$fpl$frsb)
    x$fpl$fsub                               0x00004090   Section      304  faddsub_noclz.o(x$fpl$fsub)
    _fsub1                                   0x0000409c   ARM Code       0  faddsub_noclz.o(x$fpl$fsub)
    .constdata                               0x000041c0   Section       16  kpm.o(.constdata)
    x$fpl$usenofp                            0x000041c0   Section        0  usenofp.o(x$fpl$usenofp)
    locale$$data                             0x000041f0   Section      272  lc_ctype_c.o(locale$$data)
    __lcctype_c_name                         0x000041f4   Data           2  lc_ctype_c.o(locale$$data)
    __lcctype_c_start                        0x000041fc   Data           0  lc_ctype_c.o(locale$$data)
    __lcctype_c_end                          0x00004300   Data           0  lc_ctype_c.o(locale$$data)
    .data                                    0x40000000   Section        9  admin.o(.data)
    .data                                    0x4000000c   Section       36  test.o(.data)
    .data                                    0x40000030   Section       28  rtc.o(.data)
    .data                                    0x4000004c   Section      100  rtc_edit.o(.data)
    .data                                    0x400000b0   Section        5  uart.o(.data)
    .bss                                     0x400000b8   Section       56  test.o(.bss)
    .bss                                     0x400000f0   Section       96  libspace.o(.bss)
    HEAP                                     0x40000150   Section        0  startup.o(HEAP)
    STACK                                    0x40000150   Section     1160  startup.o(STACK)
    Heap_Mem                                 0x40000150   Data           0  startup.o(HEAP)
    Stack_Mem                                0x40000150   Data        1024  startup.o(STACK)
    Stack_Top                                0x400005d8   Data           0  startup.o(STACK)

    Global Symbols

    Symbol Name                              Value     Ov Type        Size  Object(Section)

    BuildAttributes$$THM_ISAv1$ARM_ISAv4$S$PE$A:L22$X:L11$S22$IEEE1$IW$USESV6$~STKCKD$USESV7$~SHL$OSPACE$ROPI$EBA8$UX$STANDARDLIB$REQ8$PRES8$EABIv2 0x00000000   Number         0  anon$$obj.o ABSOLUTE
    __ARM_use_no_argv                        0x00000000   Number         0  test.o ABSOLUTE
    __ARM_exceptions_init                     - Undefined Weak Reference
    __alloca_initialize                       - Undefined Weak Reference
    __cpp_initialize__aeabi_                  - Undefined Weak Reference
    __cxa_finalize                            - Undefined Weak Reference
    __sigvec_lookup                           - Undefined Weak Reference
    _atexit_init                              - Undefined Weak Reference
    _call_atexit_fns                          - Undefined Weak Reference
    _clock_init                               - Undefined Weak Reference
    _fp_trap_init                             - Undefined Weak Reference
    _fp_trap_shutdown                         - Undefined Weak Reference
    _get_lc_collate                           - Undefined Weak Reference
    _get_lc_monetary                          - Undefined Weak Reference
    _get_lc_numeric                           - Undefined Weak Reference
    _get_lc_time                              - Undefined Weak Reference
    _getenv_init                              - Undefined Weak Reference
    _handle_redirection                       - Undefined Weak Reference
    _init_alloc                               - Undefined Weak Reference
    _init_user_alloc                          - Undefined Weak Reference
    _initio                                   - Undefined Weak Reference
    _rand_init                                - Undefined Weak Reference
    _signal_finish                            - Undefined Weak Reference
    _signal_init                              - Undefined Weak Reference
    _terminate_alloc                          - Undefined Weak Reference
    _terminate_user_alloc                     - Undefined Weak Reference
    _terminateio                              - Undefined Weak Reference
    Reset_Handler                            0x00000058   ARM Code       0  startup.o(RESET)
    __main                                   0x00000110   ARM Code       8  __main.o(!!!main)
    __scatterload                            0x00000118   ARM Code       0  __scatter.o(!!!scatter)
    __scatterload_rt2                        0x00000118   ARM Code      52  __scatter.o(!!!scatter)
    __scatterload_null                       0x0000012c   ARM Code       0  __scatter.o(!!!scatter)
    __scatterload_copy                       0x00000154   ARM Code      40  __scatter_copy.o(!!handler_copy)
    __scatterload_zeroinit                   0x0000017c   ARM Code      44  __scatter_zi.o(!!handler_zi)
    Inline ARM to Thumb Veneer to __rt_lib_init 0x000001a8   ARM Code       8  libinit.o(.ARM.Collect$$libinit$$00000000)
    __rt_lib_init                            0x000001b1   Thumb Code     0  libinit.o(.ARM.Collect$$libinit$$00000000)
    __rt_lib_init_heap_1                     0x000001b7   Thumb Code     0  libinit2.o(.ARM.Collect$$libinit$$00000006)
    __rt_lib_init_lc_common                  0x000001b7   Thumb Code     0  libinit2.o(.ARM.Collect$$libinit$$0000000B)
    __rt_lib_init_rand_1                     0x000001b7   Thumb Code     0  libinit2.o(.ARM.Collect$$libinit$$0000000A)
    __rt_lib_init_user_alloc_1               0x000001b7   Thumb Code     0  libinit2.o(.ARM.Collect$$libinit$$00000008)
    __rt_lib_init_lc_collate_1               0x000001bd   Thumb Code     0  libinit2.o(.ARM.Collect$$libinit$$0000000D)
    __rt_lib_init_lc_ctype_2                 0x000001bd   Thumb Code     0  libinit2.o(.ARM.Collect$$libinit$$0000000E)
    __rt_lib_init_alloca_1                   0x000001c9   Thumb Code     0  libinit2.o(.ARM.Collect$$libinit$$0000002A)
    __rt_lib_init_argv_1                     0x000001c9   Thumb Code     0  libinit2.o(.ARM.Collect$$libinit$$00000028)
    __rt_lib_init_atexit_1                   0x000001c9   Thumb Code     0  libinit2.o(.ARM.Collect$$libinit$$00000017)
    __rt_lib_init_clock_1                    0x000001c9   Thumb Code     0  libinit2.o(.ARM.Collect$$libinit$$0000001D)
    __rt_lib_init_cpp_1                      0x000001c9   Thumb Code     0  libinit2.o(.ARM.Collect$$libinit$$0000002E)
    __rt_lib_init_exceptions_1               0x000001c9   Thumb Code     0  libinit2.o(.ARM.Collect$$libinit$$0000002C)
    __rt_lib_init_fp_trap_1                  0x000001c9   Thumb Code     0  libinit2.o(.ARM.Collect$$libinit$$0000001B)
    __rt_lib_init_getenv_1                   0x000001c9   Thumb Code     0  libinit2.o(.ARM.Collect$$libinit$$0000001F)
    __rt_lib_init_lc_ctype_1                 0x000001c9   Thumb Code     0  libinit2.o(.ARM.Collect$$libinit$$0000000F)
    __rt_lib_init_lc_monetary_1              0x000001c9   Thumb Code     0  libinit2.o(.ARM.Collect$$libinit$$00000011)
    __rt_lib_init_lc_numeric_1               0x000001c9   Thumb Code     0  libinit2.o(.ARM.Collect$$libinit$$00000013)
    __rt_lib_init_lc_time_1                  0x000001c9   Thumb Code     0  libinit2.o(.ARM.Collect$$libinit$$00000015)
    __rt_lib_init_return                     0x000001c9   Thumb Code     0  libinit2.o(.ARM.Collect$$libinit$$0000002F)
    __rt_lib_init_signal_1                   0x000001c9   Thumb Code     0  libinit2.o(.ARM.Collect$$libinit$$00000019)
    __rt_lib_init_stdio_1                    0x000001c9   Thumb Code     0  libinit2.o(.ARM.Collect$$libinit$$00000021)
    Inline ARM to Thumb Veneer to __rt_lib_shutdown 0x000001d4   ARM Code       8  libshutdown.o(.ARM.Collect$$libshutdown$$00000000)
    __rt_lib_shutdown                        0x000001dd   Thumb Code     0  libshutdown.o(.ARM.Collect$$libshutdown$$00000000)
    __rt_lib_shutdown_fp_trap_1              0x000001e1   Thumb Code     0  libshutdown2.o(.ARM.Collect$$libshutdown$$00000006)
    __rt_lib_shutdown_heap_1                 0x000001e1   Thumb Code     0  libshutdown2.o(.ARM.Collect$$libshutdown$$0000000E)
    __rt_lib_shutdown_return                 0x000001e1   Thumb Code     0  libshutdown2.o(.ARM.Collect$$libshutdown$$0000000F)
    __rt_lib_shutdown_signal_1               0x000001e1   Thumb Code     0  libshutdown2.o(.ARM.Collect$$libshutdown$$00000009)
    __rt_lib_shutdown_stdio_1                0x000001e1   Thumb Code     0  libshutdown2.o(.ARM.Collect$$libshutdown$$00000003)
    __rt_lib_shutdown_user_alloc_1           0x000001e1   Thumb Code     0  libshutdown2.o(.ARM.Collect$$libshutdown$$0000000B)
    __rt_entry                               0x000001e8   ARM Code       0  rtentry.o(.ARM.Collect$$rtentry$$00000000)
    __rt_entry_presh_1                       0x000001e8   ARM Code       0  rtentry2.o(.ARM.Collect$$rtentry$$00000002)
    __rt_entry_sh                            0x000001e8   ARM Code       0  rtentry4.o(.ARM.Collect$$rtentry$$00000004)
    __rt_entry_li                            0x000001f0   ARM Code       0  rtentry2.o(.ARM.Collect$$rtentry$$0000000A)
    __rt_entry_postsh_1                      0x000001f0   ARM Code       0  rtentry2.o(.ARM.Collect$$rtentry$$00000009)
    __rt_entry_main                          0x000001f4   ARM Code       0  rtentry2.o(.ARM.Collect$$rtentry$$0000000D)
    __rt_entry_postli_1                      0x000001f4   ARM Code       0  rtentry2.o(.ARM.Collect$$rtentry$$0000000C)
    Inline Thumb to ARM Veneer to __rt_exit  0x0000021d   Thumb Code     4  rtexit.o(.ARM.Collect$$rtexit$$00000000)
    __rt_exit                                0x00000220   ARM Code       0  rtexit.o(.ARM.Collect$$rtexit$$00000000)
    __rt_exit_ls                             0x00000224   ARM Code       0  rtexit2.o(.ARM.Collect$$rtexit$$00000003)
    __rt_exit_prels_1                        0x00000224   ARM Code       0  rtexit2.o(.ARM.Collect$$rtexit$$00000002)
    __rt_exit_exit                           0x00000228   ARM Code       0  rtexit2.o(.ARM.Collect$$rtexit$$00000004)
    __user_initial_stackheap                 0x00000230   ARM Code       0  startup.o(.text)
    eint0_isr                                0x00000250   ARM Code      36  interrupt.o(.text)
    Intilisation                             0x00000274   ARM Code      56  interrupt.o(.text)
    change_admin                             0x000002b8   ARM Code     248  admin.o(.text)
    Admin_Change                             0x000003b0   ARM Code     224  admin.o(.text)
    check_admin                              0x00000490   ARM Code     236  admin.o(.text)
    frame                                    0x0000057c   ARM Code     456  admin.o(.text)
    admin                                    0x00000744   ARM Code    1340  admin.o(.text)
    user                                     0x00000c80   ARM Code     956  admin.o(.text)
    string_len                               0x0000103c   ARM Code      48  admin.o(.text)
    Capitalize_String                        0x0000106c   ARM Code      72  admin.o(.text)
    LCD_SCROLL                               0x000010b4   ARM Code     428  admin.o(.text)
    WriteLCD                                 0x00001260   ARM Code      84  lcd.o(.text)
    CmdLCD                                   0x000012b4   ARM Code      36  lcd.o(.text)
    InitLCD                                  0x000012d8   ARM Code     136  lcd.o(.text)
    CharLCD                                  0x00001360   ARM Code      36  lcd.o(.text)
    StrLCD                                   0x00001384   ARM Code      40  lcd.o(.text)
    U32LCD                                   0x000013ac   ARM Code     128  lcd.o(.text)
    S32LCD                                   0x0000142c   ARM Code      44  lcd.o(.text)
    F32LCD                                   0x00001458   ARM Code     168  lcd.o(.text)
    BuildCGRAM                               0x00001500   ARM Code      84  lcd.o(.text)
    delay_us                                 0x0000155c   ARM Code      28  delay.o(.text)
    delay_ms                                 0x00001578   ARM Code      28  delay.o(.text)
    delay_s                                  0x00001594   ARM Code      28  delay.o(.text)
    main                                     0x000015b8   ARM Code     288  test.o(.text)
    RTC_Init                                 0x0000170c   ARM Code      40  rtc.o(.text)
    GetRTCTimeInfo                           0x00001734   ARM Code      40  rtc.o(.text)
    DisplayRTCTime                           0x0000175c   ARM Code     208  rtc.o(.text)
    GetRTCDateInfo                           0x0000182c   ARM Code      40  rtc.o(.text)
    DisplayRTCDate                           0x00001854   ARM Code     168  rtc.o(.text)
    SetRTCTimeInfo                           0x000018fc   ARM Code      20  rtc.o(.text)
    SetRTCDateInfo                           0x00001910   ARM Code      20  rtc.o(.text)
    GetRTCDay                                0x00001924   ARM Code      16  rtc.o(.text)
    DisplayRTCDay                            0x00001934   ARM Code      36  rtc.o(.text)
    SetRTCDay                                0x00001958   ARM Code      12  rtc.o(.text)
    Day_set                                  0x00001970   ARM Code     296  rtc_edit.o(.text)
    Year_Set                                 0x00001a98   ARM Code     996  rtc_edit.o(.text)
    Month_Set                                0x00001e7c   ARM Code     548  rtc_edit.o(.text)
    Day_Set                                  0x000020a0   ARM Code     440  rtc_edit.o(.text)
    Date                                     0x00002258   ARM Code     672  rtc_edit.o(.text)
    Date_Day                                 0x000024f8   ARM Code     192  rtc_edit.o(.text)
    Sec_Set                                  0x000025b8   ARM Code     720  rtc_edit.o(.text)
    Min_Set                                  0x00002888   ARM Code     568  rtc_edit.o(.text)
    Hour_Set                                 0x00002ac0   ARM Code     456  rtc_edit.o(.text)
    EditTime                                 0x00002c88   ARM Code     344  rtc_edit.o(.text)
    PrintMenu                                0x00002de0   ARM Code     284  rtc_edit.o(.text)
    KeyScan                                  0x00002efc   ARM Code     276  kpm.o(.text)
    UART1_ISR                                0x00003018   ARM Code     172  uart1.o(.text)
    InitializeUART1                          0x000030c4   ARM Code     140  uart1.o(.text)
    Receive_char_UART1                       0x00003150   ARM Code      32  uart1.o(.text)
    Receive_string_UART1                     0x00003170   ARM Code     160  uart1.o(.text)
    Transmit_char_UART1                      0x00003210   ARM Code      32  uart1.o(.text)
    Transmit_string_UART1                    0x00003230   ARM Code      52  uart1.o(.text)
    ExtractRFID                              0x00003264   ARM Code      44  uart1.o(.text)
    InitializeSPI                            0x000032a4   ARM Code      96  spi_protocol.o(.text)
    Transmit_char_SPI                        0x00003304   ARM Code      64  spi_protocol.o(.text)
    Write_enable_SPI                         0x00003344   ARM Code      52  spi_protocol.o(.text)
    Write_disable_SPI                        0x00003378   ARM Code      52  spi_protocol.o(.text)
    Transmit_string_SPI                      0x000033ac   ARM Code      40  spi_protocol.o(.text)
    ChipErase                                0x000033d4   ARM Code      60  spi_protocol.o(.text)
    PageErase                                0x00003410   ARM Code      80  spi_protocol.o(.text)
    Receive_string_SPI                       0x00003460   ARM Code      96  spi_protocol.o(.text)
    Write_string_to_EEPROM                   0x000034c0   ARM Code      96  spi_protocol.o(.text)
    Receive_string_from_EEPROM               0x00003520   ARM Code      96  spi_protocol.o(.text)
    UART0_ISR                                0x0000358c   ARM Code      84  uart.o(.text)
    InitializeUART0                          0x000035e0   ARM Code     136  uart.o(.text)
    Receive_char_UART0                       0x00003668   ARM Code      72  uart.o(.text)
    Receive_string_UART0                     0x000036b0   ARM Code     200  uart.o(.text)
    Transmit_char_UART0                      0x00003778   ARM Code      32  uart.o(.text)
    Transmit_string_UART0                    0x00003798   ARM Code      52  uart.o(.text)
    __rt_ctype_table                         0x000037dc   ARM Code      24  rt_ctype_table.o(.text)
    strcmp                                   0x000037f4   ARM Code     156  strcmp.o(.text)
    __aeabi_idiv                             0x00003894   ARM Code       0  aeabi_sdiv.o(.text)
    __aeabi_idivmod                          0x00003894   ARM Code     384  aeabi_sdiv.o(.text)
    __use_two_region_memory                  0x00003a15   Thumb Code     2  heapauxi.o(.text)
    __rt_heap_escrow$2region                 0x00003a17   Thumb Code     2  heapauxi.o(.text)
    __rt_heap_expand$2region                 0x00003a19   Thumb Code     2  heapauxi.o(.text)
    Inline Thumb to ARM Veneer to __rt_locale 0x00003a1d   Thumb Code     4  rt_locale_intlibspace.o(.text)
    __rt_locale                              0x00003a20   ARM Code      16  rt_locale_intlibspace.o(.text)
    __user_libspace                          0x00003a30   ARM Code      12  libspace.o(.text)
    __user_perproc_libspace                  0x00003a30   ARM Code       0  libspace.o(.text)
    __user_perthread_libspace                0x00003a30   ARM Code       0  libspace.o(.text)
    __user_setup_stackheap                   0x00003a3c   ARM Code      96  sys_stackheap_outer.o(.text)
    exit                                     0x00003a9d   Thumb Code    12  exit.o(.text)
    Inline ARM to Thumb Veneer to _sys_exit  0x00003aa8   ARM Code       8  sys_exit.o(.text)
    _sys_exit                                0x00003ab1   Thumb Code     8  sys_exit.o(.text)
    __rt_fp_status_addr                      0x00003abc   ARM Code      16  rt_fp_status_addr_intlibspace.o(.text)
    __I$use$semihosting                      0x00003acc   ARM Code       0  use_no_semi.o(.text)
    __use_no_semihosting_swi                 0x00003acc   ARM Code       4  use_no_semi.o(.text)
    __aeabi_uidiv                            0x00003ad0   ARM Code       0  aeabi_sdiv.o(.text_udiv)
    __aeabi_uidivmod                         0x00003ad0   ARM Code      36  aeabi_sdiv.o(.text_udiv)
    Inline Thumb to ARM Veneer to _get_lc_ctype 0x00003af5   Thumb Code     4  lc_ctype_c.o(locale$$code)
    _get_lc_ctype                            0x00003af8   ARM Code      80  lc_ctype_c.o(locale$$code)
    __fpl_dcmp_Inf                           0x00003b48   ARM Code      28  dcmpi.o(x$fpl$dcmpinf)
    __aeabi_cdcmple                          0x00003b64   ARM Code       0  dleqf.o(x$fpl$dleqf)
    _dcmple                                  0x00003b64   ARM Code     148  dleqf.o(x$fpl$dleqf)
    __fpl_dcmple_InfNaN                      0x00003be0   ARM Code       0  dleqf.o(x$fpl$dleqf)
    __fpl_dnaninf                            0x00003bf8   ARM Code     192  dnaninf.o(x$fpl$dnaninf)
    __fpl_dretinf                            0x00003cb8   ARM Code      16  dretinf.o(x$fpl$dretinf)
    __aeabi_f2d                              0x00003cc8   ARM Code       0  f2d.o(x$fpl$f2d)
    _f2d                                     0x00003cc8   ARM Code     100  f2d.o(x$fpl$f2d)
    __aeabi_fadd                             0x00003d2c   ARM Code       0  faddsub_noclz.o(x$fpl$fadd)
    _fadd                                    0x00003d2c   ARM Code     196  faddsub_noclz.o(x$fpl$fadd)
    __aeabi_f2uiz                            0x00003df0   ARM Code       0  ffixu.o(x$fpl$ffixu)
    _ffixu                                   0x00003df0   ARM Code      84  ffixu.o(x$fpl$ffixu)
    __aeabi_i2f                              0x00003e44   ARM Code       0  fflt_noclz.o(x$fpl$fflt)
    _fflt                                    0x00003e44   ARM Code      92  fflt_noclz.o(x$fpl$fflt)
    __fflt_normalise                         0x00003e50   ARM Code       0  fflt_noclz.o(x$fpl$fflt)
    __aeabi_ui2f                             0x00003ea0   ARM Code       0  fflt_noclz.o(x$fpl$ffltu)
    _ffltu                                   0x00003ea0   ARM Code       8  fflt_noclz.o(x$fpl$ffltu)
    __aeabi_fmul                             0x00003ea8   ARM Code       0  fmul.o(x$fpl$fmul)
    _fmul                                    0x00003ea8   ARM Code     256  fmul.o(x$fpl$fmul)
    __fpl_fnaninf                            0x00003fa8   ARM Code     168  fnaninf.o(x$fpl$fnaninf)
    Inline Thumb to ARM Veneer to _fp_init   0x00004051   Thumb Code     4  fpinit.o(x$fpl$fpinit)
    _fp_init                                 0x00004054   ARM Code      24  fpinit.o(x$fpl$fpinit)
    __fplib_config_pureend_doubles           0x00004064   ARM Code       0  fpinit.o(x$fpl$fpinit)
    __fpl_fretinf                            0x0000406c   ARM Code      16  fretinf.o(x$fpl$fretinf)
    __aeabi_frsub                            0x0000407c   ARM Code       0  faddsub_noclz.o(x$fpl$frsb)
    _frsb                                    0x0000407c   ARM Code      20  faddsub_noclz.o(x$fpl$frsb)
    __aeabi_fsub                             0x00004090   ARM Code       0  faddsub_noclz.o(x$fpl$fsub)
    _fsub                                    0x00004090   ARM Code     304  faddsub_noclz.o(x$fpl$fsub)
    __I$use$fp                               0x000041c0   ARM Code       0  usenofp.o(x$fpl$usenofp)
    Region$$Table$$Base                      0x000041d0   Number         0  anon$$obj.o(Region$$Table)
    Region$$Table$$Limit                     0x000041f0   Number         0  anon$$obj.o(Region$$Table)
    __ctype                                  0x000041fd   Data           0  lc_ctype_c.o(locale$$data)
    digit                                    0x40000000   Data           1  admin.o(.data)
    IN                                       0x40000004   Data           4  admin.o(.data)
    response                                 0x40000008   Data           1  admin.o(.data)
    hour                                     0x4000000c   Data           4  test.o(.data)
    min                                      0x40000010   Data           4  test.o(.data)
    sec                                      0x40000014   Data           4  test.o(.data)
    date                                     0x40000018   Data           4  test.o(.data)
    month                                    0x4000001c   Data           4  test.o(.data)
    year                                     0x40000020   Data           4  test.o(.data)
    day                                      0x40000024   Data           4  test.o(.data)
    UART1_Fired                              0x40000028   Data           4  test.o(.data)
    UART1_RX_LEN                             0x4000002c   Data           4  test.o(.data)
    week                                     0x40000030   Data          28  rtc.o(.data)
    week_day                                 0x4000004c   Data          70  rtc_edit.o(.data)
    flag                                     0x40000094   Data           4  rtc_edit.o(.data)
    Hour                                     0x40000098   Data           4  rtc_edit.o(.data)
    Min                                      0x4000009c   Data           4  rtc_edit.o(.data)
    Sec                                      0x400000a0   Data           4  rtc_edit.o(.data)
    Day                                      0x400000a4   Data           4  rtc_edit.o(.data)
    Month                                    0x400000a8   Data           4  rtc_edit.o(.data)
    Year                                     0x400000ac   Data           4  rtc_edit.o(.data)
    UART0_Fired                              0x400000b0   Data           4  uart.o(.data)
    UART0_BYTE                               0x400000b4   Data           1  uart.o(.data)
    str                                      0x400000b8   Data          11  test.o(.bss)
    DATA_FRAME                               0x400000c3   Data          30  test.o(.bss)
    UART1_BUFFER                             0x400000e1   Data          15  test.o(.bss)
    __libspace_start                         0x400000f0   Data          96  libspace.o(.bss)
    __temporary_stack_top$libspace           0x40000150   Data           0  libspace.o(.bss)



==============================================================================

Memory Map of the image

  Image Entry point : 0x00000110

  Load Region LR_IROM1 (Base: 0x00000000, Size: 0x000043b8, Max: 0x00040000, ABSOLUTE)

    Execution Region ER_IROM1 (Base: 0x00000000, Size: 0x00004300, Max: 0x00040000, ABSOLUTE)

    Base Addr    Size         Type   Attr      Idx    E Section Name        Object

    0x00000000   0x00000110   Code   RO            3    RESET               startup.o
    0x00000110   0x00000008   Code   RO          301  * !!!main             c_t.l(__main.o)(c_t.l)
    0x00000118   0x0000003c   Code   RO          514    !!!scatter          c_t.l(__scatter.o)(c_t.l)
    0x00000154   0x00000028   Code   RO          516    !!handler_copy      c_t.l(__scatter_copy.o)(c_t.l)
    0x0000017c   0x0000002c   Code   RO          518    !!handler_zi        c_t.l(__scatter_zi.o)(c_t.l)
    0x000001a8   0x00000008   Ven    RO          428    .ARM.Collect$$libinit$$00000000  c_t.l(libinit.o)(c_t.l)
    0x000001b0   0x00000006   Code   RO          428    .ARM.Collect$$libinit$$00000000  c_t.l(libinit.o)(c_t.l)
    0x000001b6   0x00000000   Code   RO          373    .ARM.Collect$$libinit$$00000006  c_t.l(libinit2.o)(c_t.l)
    0x000001b6   0x00000000   Code   RO          375    .ARM.Collect$$libinit$$00000008  c_t.l(libinit2.o)(c_t.l)
    0x000001b6   0x00000000   Code   RO          377    .ARM.Collect$$libinit$$0000000A  c_t.l(libinit2.o)(c_t.l)
    0x000001b6   0x00000006   Code   RO          378    .ARM.Collect$$libinit$$0000000B  c_t.l(libinit2.o)(c_t.l)
    0x000001bc   0x00000000   Code   RO          380    .ARM.Collect$$libinit$$0000000D  c_t.l(libinit2.o)(c_t.l)
    0x000001bc   0x0000000c   Code   RO          381    .ARM.Collect$$libinit$$0000000E  c_t.l(libinit2.o)(c_t.l)
    0x000001c8   0x00000000   Code   RO          382    .ARM.Collect$$libinit$$0000000F  c_t.l(libinit2.o)(c_t.l)
    0x000001c8   0x00000000   Code   RO          384    .ARM.Collect$$libinit$$00000011  c_t.l(libinit2.o)(c_t.l)
    0x000001c8   0x00000000   Code   RO          386    .ARM.Collect$$libinit$$00000013  c_t.l(libinit2.o)(c_t.l)
    0x000001c8   0x00000000   Code   RO          388    .ARM.Collect$$libinit$$00000015  c_t.l(libinit2.o)(c_t.l)
    0x000001c8   0x00000000   Code   RO          390    .ARM.Collect$$libinit$$00000017  c_t.l(libinit2.o)(c_t.l)
    0x000001c8   0x00000000   Code   RO          392    .ARM.Collect$$libinit$$00000019  c_t.l(libinit2.o)(c_t.l)
    0x000001c8   0x00000000   Code   RO          394    .ARM.Collect$$libinit$$0000001B  c_t.l(libinit2.o)(c_t.l)
    0x000001c8   0x00000000   Code   RO          396    .ARM.Collect$$libinit$$0000001D  c_t.l(libinit2.o)(c_t.l)
    0x000001c8   0x00000000   Code   RO          398    .ARM.Collect$$libinit$$0000001F  c_t.l(libinit2.o)(c_t.l)
    0x000001c8   0x00000000   Code   RO          400    .ARM.Collect$$libinit$$00000021  c_t.l(libinit2.o)(c_t.l)
    0x000001c8   0x00000000   Code   RO          404    .ARM.Collect$$libinit$$00000028  c_t.l(libinit2.o)(c_t.l)
    0x000001c8   0x00000000   Code   RO          406    .ARM.Collect$$libinit$$0000002A  c_t.l(libinit2.o)(c_t.l)
    0x000001c8   0x00000000   Code   RO          408    .ARM.Collect$$libinit$$0000002C  c_t.l(libinit2.o)(c_t.l)
    0x000001c8   0x00000000   Code   RO          410    .ARM.Collect$$libinit$$0000002E  c_t.l(libinit2.o)(c_t.l)
    0x000001c8   0x0000000c   Code   RO          411    .ARM.Collect$$libinit$$0000002F  c_t.l(libinit2.o)(c_t.l)
    0x000001d4   0x00000008   Ven    RO          482    .ARM.Collect$$libshutdown$$00000000  c_t.l(libshutdown.o)(c_t.l)
    0x000001dc   0x00000004   Code   RO          482    .ARM.Collect$$libshutdown$$00000000  c_t.l(libshutdown.o)(c_t.l)
    0x000001e0   0x00000000   Code   RO          499    .ARM.Collect$$libshutdown$$00000003  c_t.l(libshutdown2.o)(c_t.l)
    0x000001e0   0x00000000   Code   RO          502    .ARM.Collect$$libshutdown$$00000006  c_t.l(libshutdown2.o)(c_t.l)
    0x000001e0   0x00000000   Code   RO          505    .ARM.Collect$$libshutdown$$00000009  c_t.l(libshutdown2.o)(c_t.l)
    0x000001e0   0x00000000   Code   RO          507    .ARM.Collect$$libshutdown$$0000000B  c_t.l(libshutdown2.o)(c_t.l)
    0x000001e0   0x00000000   Code   RO          510    .ARM.Collect$$libshutdown$$0000000E  c_t.l(libshutdown2.o)(c_t.l)
    0x000001e0   0x00000006   Code   RO          511    .ARM.Collect$$libshutdown$$0000000F  c_t.l(libshutdown2.o)(c_t.l)
    0x000001e6   0x00000002   PAD
    0x000001e8   0x00000000   Code   RO          323    .ARM.Collect$$rtentry$$00000000  c_t.l(rtentry.o)(c_t.l)
    0x000001e8   0x00000000   Code   RO          352    .ARM.Collect$$rtentry$$00000002  c_t.l(rtentry2.o)(c_t.l)
    0x000001e8   0x00000008   Code   RO          367    .ARM.Collect$$rtentry$$00000004  c_t.l(rtentry4.o)(c_t.l)
    0x000001f0   0x00000000   Code   RO          354    .ARM.Collect$$rtentry$$00000009  c_t.l(rtentry2.o)(c_t.l)
    0x000001f0   0x00000004   Code   RO          355    .ARM.Collect$$rtentry$$0000000A  c_t.l(rtentry2.o)(c_t.l)
    0x000001f4   0x00000000   Code   RO          357    .ARM.Collect$$rtentry$$0000000C  c_t.l(rtentry2.o)(c_t.l)
    0x000001f4   0x00000028   Code   RO          358    .ARM.Collect$$rtentry$$0000000D  c_t.l(rtentry2.o)(c_t.l)
    0x0000021c   0x00000004   Ven    RO          429    .ARM.Collect$$rtexit$$00000000  c_t.l(rtexit.o)(c_t.l)
    0x00000220   0x00000004   Code   RO          429    .ARM.Collect$$rtexit$$00000000  c_t.l(rtexit.o)(c_t.l)
    0x00000224   0x00000000   Code   RO          448    .ARM.Collect$$rtexit$$00000002  c_t.l(rtexit2.o)(c_t.l)
    0x00000224   0x00000004   Code   RO          449    .ARM.Collect$$rtexit$$00000003  c_t.l(rtexit2.o)(c_t.l)
    0x00000228   0x00000008   Code   RO          450    .ARM.Collect$$rtexit$$00000004  c_t.l(rtexit2.o)(c_t.l)
    0x00000230   0x00000020   Code   RO            4    .text               startup.o
    0x00000250   0x00000068   Code   RO           11    .text               interrupt.o
    0x000002b8   0x00000fa8   Code   RO           69    .text               admin.o
    0x00001260   0x000002fc   Code   RO          118    .text               lcd.o
    0x0000155c   0x0000005c   Code   RO          144    .text               delay.o
    0x000015b8   0x00000154   Code   RO          158    .text               test.o
    0x0000170c   0x00000264   Code   RO          178    .text               rtc.o
    0x00001970   0x0000158c   Code   RO          204    .text               rtc_edit.o
    0x00002efc   0x0000011c   Code   RO          222    .text               kpm.o
    0x00003018   0x0000028c   Code   RO          237    .text               uart1.o
    0x000032a4   0x000002e8   Code   RO          250    .text               spi_protocol.o
    0x0000358c   0x00000250   Code   RO          262    .text               uart.o
    0x000037dc   0x00000018   Code   RO          279    .text               c_t.l(rt_ctype_table.o)(c_t.l)
    0x000037f4   0x000000a0   Code   RO          281    .text               c_t.l(strcmp.o)(c_t.l)
    0x00003894   0x00000180   Code   RO          283    .text               c_t.l(aeabi_sdiv.o)(c_t.l)
    0x00003a14   0x00000006   Code   RO          299    .text               c_t.l(heapauxi.o)(c_t.l)
    0x00003a1a   0x00000002   PAD
    0x00003a1c   0x00000004   Ven    RO          332    .text               c_t.l(rt_locale_intlibspace.o)(c_t.l)
    0x00003a20   0x00000010   Code   RO          332    .text               c_t.l(rt_locale_intlibspace.o)(c_t.l)
    0x00003a30   0x0000000c   Code   RO          348    .text               c_t.l(libspace.o)(c_t.l)
    0x00003a3c   0x00000060   Code   RO          412    .text               c_t.l(sys_stackheap_outer.o)(c_t.l)
    0x00003a9c   0x0000000c   Code   RO          414    .text               c_t.l(exit.o)(c_t.l)
    0x00003aa8   0x00000008   Ven    RO          445    .text               c_t.l(sys_exit.o)(c_t.l)
    0x00003ab0   0x0000000c   Code   RO          445    .text               c_t.l(sys_exit.o)(c_t.l)
    0x00003abc   0x00000010   Code   RO          458    .text               c_t.l(rt_fp_status_addr_intlibspace.o)(c_t.l)
    0x00003acc   0x00000004   Code   RO          474    .text               c_t.l(use_no_semi.o)(c_t.l)
    0x00003ad0   0x00000024   Code   RO          284    .text_udiv          c_t.l(aeabi_sdiv.o)(c_t.l)
    0x00003af4   0x00000004   Ven    RO          335    locale$$code        c_t.l(lc_ctype_c.o)(c_t.l)
    0x00003af8   0x00000050   Code   RO          335    locale$$code        c_t.l(lc_ctype_c.o)(c_t.l)
    0x00003b48   0x0000001c   Code   RO          337    x$fpl$dcmpinf       fz_ts.l(dcmpi.o)(fz_ts.l)
    0x00003b64   0x00000094   Code   RO          303    x$fpl$dleqf         fz_ts.l(dleqf.o)(fz_ts.l)
    0x00003bf8   0x000000c0   Code   RO          339    x$fpl$dnaninf       fz_ts.l(dnaninf.o)(fz_ts.l)
    0x00003cb8   0x00000010   Code   RO          341    x$fpl$dretinf       fz_ts.l(dretinf.o)(fz_ts.l)
    0x00003cc8   0x00000064   Code   RO          305    x$fpl$f2d           fz_ts.l(f2d.o)(fz_ts.l)
    0x00003d2c   0x000000c4   Code   RO          307    x$fpl$fadd          fz_ts.l(faddsub_noclz.o)(fz_ts.l)
    0x00003df0   0x00000054   Code   RO          313    x$fpl$ffixu         fz_ts.l(ffixu.o)(fz_ts.l)
    0x00003e44   0x0000005c   Code   RO          318    x$fpl$fflt          fz_ts.l(fflt_noclz.o)(fz_ts.l)
    0x00003ea0   0x00000008   Code   RO          317    x$fpl$ffltu         fz_ts.l(fflt_noclz.o)(fz_ts.l)
    0x00003ea8   0x00000100   Code   RO          321    x$fpl$fmul          fz_ts.l(fmul.o)(fz_ts.l)
    0x00003fa8   0x000000a8   Code   RO          343    x$fpl$fnaninf       fz_ts.l(fnaninf.o)(fz_ts.l)
    0x00004050   0x00000004   Ven    RO          441    x$fpl$fpinit        fz_ts.l(fpinit.o)(fz_ts.l)
    0x00004054   0x00000018   Code   RO          441    x$fpl$fpinit        fz_ts.l(fpinit.o)(fz_ts.l)
    0x0000406c   0x00000010   Code   RO          345    x$fpl$fretinf       fz_ts.l(fretinf.o)(fz_ts.l)
    0x0000407c   0x00000014   Code   RO          308    x$fpl$frsb          fz_ts.l(faddsub_noclz.o)(fz_ts.l)
    0x00004090   0x00000130   Code   RO          309    x$fpl$fsub          fz_ts.l(faddsub_noclz.o)(fz_ts.l)
    0x000041c0   0x00000000   Code   RO          347    x$fpl$usenofp       fz_ts.l(usenofp.o)(fz_ts.l)
    0x000041c0   0x00000010   Data   RO          223    .constdata          kpm.o
    0x000041d0   0x00000020   Data   RO          512    Region$$Table       anon$$obj.o
    0x000041f0   0x00000110   Data   RO          334    locale$$data        c_t.l(lc_ctype_c.o)(c_t.l)


    Execution Region RW_IRAM1 (Base: 0x40000000, Size: 0x000005d8, Max: 0x00004000, ABSOLUTE)

    Base Addr    Size         Type   Attr      Idx    E Section Name        Object

    0x40000000   0x00000009   Data   RW           71    .data               admin.o
    0x40000009   0x00000003   PAD
    0x4000000c   0x00000024   Data   RW          160    .data               test.o
    0x40000030   0x0000001c   Data   RW          179    .data               rtc.o
    0x4000004c   0x00000064   Data   RW          205    .data               rtc_edit.o
    0x400000b0   0x00000005   Data   RW          263    .data               uart.o
    0x400000b5   0x00000003   PAD
    0x400000b8   0x00000038   Zero   RW          159    .bss                test.o
    0x400000f0   0x00000060   Zero   RW          349    .bss                c_t.l(libspace.o)(c_t.l)
    0x40000150   0x00000000   Zero   RW            2    HEAP                startup.o
    0x40000150   0x00000488   Zero   RW            1    STACK               startup.o


==============================================================================

Image component sizes


      Code (inc. data)   RO Data    RW Data    ZI Data      Debug   Object Name

      4008        676          0          9          0          0   admin.o
        92          8          0          0          0          0   delay.o
       104         12          0          0          0          0   interrupt.o
       284          8         16          0          0          0   kpm.o
       764          8          0          0          0          0   lcd.o
       612         12          0         28          0          0   rtc.o
      5516        408          0        100          0          0   rtc_edit.o
       744         12          0          0          0          0   spi_protocol.o
       304         60          0          0       1160          0   startup.o
       340         52          0         36         56          0   test.o
       592         16          0          5          0          0   uart.o
       652         20          0          0          0          0   uart1.o

    ----------------------------------------------------------------------
     14012       1292         48        184       1216          0   Object Totals
         0          0         32          0          0          0   (incl. Generated)
         0          0          0          6          0          0   (incl. Padding)

    ----------------------------------------------------------------------

      Code (inc. data)   RO Data    RW Data    ZI Data      Debug   Library Member Name

         8          0          0          0          0          0   __main.o
        60          8          0          0          0          0   __scatter.o
        40          0          0          0          0          0   __scatter_copy.o
        44          0          0          0          0          0   __scatter_zi.o
       420          0          0          0          0          0   aeabi_sdiv.o
        12          0          0          0          0          0   exit.o
         6          0          0          0          0          0   heapauxi.o
        84          8        272          0          0          0   lc_ctype_c.o
        14          0          0          0          0          0   libinit.o
        30          0          0          0          0          0   libinit2.o
        12          0          0          0          0          0   libshutdown.o
         6          0          0          0          0          0   libshutdown2.o
        12          4          0          0         96          0   libspace.o
        24          4          0          0          0          0   rt_ctype_table.o
        16          4          0          0          0          0   rt_fp_status_addr_intlibspace.o
        20          4          0          0          0          0   rt_locale_intlibspace.o
         0          0          0          0          0          0   rtentry.o
        44          4          0          0          0          0   rtentry2.o
         8          0          0          0          0          0   rtentry4.o
         8          0          0          0          0          0   rtexit.o
        12          0          0          0          0          0   rtexit2.o
       160          4          0          0          0          0   strcmp.o
        20          4          0          0          0          0   sys_exit.o
        96          0          0          0          0          0   sys_stackheap_outer.o
         4          0          0          0          0          0   use_no_semi.o
        28          0          0          0          0          0   dcmpi.o
       148          4          0          0          0          0   dleqf.o
       192          0          0          0          0          0   dnaninf.o
        16          0          0          0          0          0   dretinf.o
       100          4          0          0          0          0   f2d.o
       520          8          0          0          0          0   faddsub_noclz.o
        84          4          0          0          0          0   ffixu.o
       100          0          0          0          0          0   fflt_noclz.o
       256          4          0          0          0          0   fmul.o
       168          0          0          0          0          0   fnaninf.o
        28          0          0          0          0          0   fpinit.o
        16          0          0          0          0          0   fretinf.o
         0          0          0          0          0          0   usenofp.o

    ----------------------------------------------------------------------
      2820         68        272          0         96          0   Library Totals
         4          0          0          0          0          0   (incl. Padding)

    ----------------------------------------------------------------------

      Code (inc. data)   RO Data    RW Data    ZI Data      Debug   Library Name

      1160         44        272          0         96       1080   c_t.l
      1656         24          0          0          0       1208   fz_ts.l

    ----------------------------------------------------------------------
      2820         68        272          0         96          0   Library Totals

    ----------------------------------------------------------------------

==============================================================================


      Code (inc. data)   RO Data    RW Data    ZI Data      Debug   

     16832       1360        320        184       1312      31744   Grand Totals
     16832       1360        320        184       1312      31744   ELF Image Totals
     16832       1360        320        184          0          0   ROM Totals

==============================================================================

    Total RO  Size (Code + RO Data)                17152 (  16.75kB)
    Total RW  Size (RW Data + ZI Data)              1496 (   1.46kB)
    Total ROM Size (Code + RO Data + RW Data)      17336 (  16.93kB)

==============================================================================

