<html>
<body>
<pre>
<h1>µVision Build Log</h1>
<h2>Project:</h2>
C:\Users\DELL\Documents\Major_project\major_project.uvproj
Project File Date:  12/31/2025

<h2>Output:</h2>
Rebuild target 'major_project'
assembling Startup.s...
compiling interrupt.c...
compiling admin.c...
admin.c(86): warning:  #177-D: variable "frame_sent" was declared but never referenced
        int frame_sent = 10;
admin.c: 1 warning, 0 errors
compiling lcd.c...
compiling delay.c...
compiling test.c...
compiling rtc.c...
compiling rtc_edit.c...
compiling kpm.c...
compiling uart1.c...
compiling SPI_Protocol.c...
compiling uart.c...
linking...
Program Size: Code=15148 RO-data=48 RW-data=176 ZI-data=1312  
FromELF: creating hex file...
".\major_project.axf" - 0 Error(s), 1 Warning(s).
</pre>
</body>
</html>
and 1 error messages.
".\major_project.axf" - 1 Error(s), 1 Warning(s).
Target not created

 Warning: L6304W: Duplicate input file .\spi_protocol.o ignored.
.\major_project.axf: Warning: L6304W: Duplicate input file .\uart.o ignored.
.\major_project.axf: Error: L6218E: Undefined symbol StrLCD_FRAME (referred from admin.o).
Not enough information to list image symbols.
Finished: 1 information, 4 warning and 1 error messages.
".\major_project.axf" - 1 Error(s), 5 Warning(s).
Target not created
